// Jest Snapshot v1, https://goo.gl/fbAQLP

exports[` TESTING APP READIRING render correctly 1`] = `ShallowWrapper {}`;

exports[` TESTING REPOSITORY LIST COMPONENT render correctly 1`] = `ShallowWrapper {}`;
